---
source: src/widgets/event_test.rs
expression: t.backend()
---
"                                                                                                    "
"                                                                                                    "
"                                                                                                    "
"                                                                                                    "
"                                                                                                    "
"       ██ ██ █████ Y  █████ █████ █████ D     ██ ██ ██    █████ █████    █████ █████    █████       "
"       ██ ██ ██ ██       ██ ██    ██          ██ ██ ██ ██    ██ ██ ██ ██ ██ ██ ██ ██    ██ ██       "
"       █████ ██ ██    █████ █████ █████       ██ █████    █████ ██ ██    ██ ██ ██ ██    ██ ██       "
"          ██ ██ ██       ██    ██    ██       ██    ██ ██    ██ ██ ██ ██ ██ ██ ██ ██    ██ ██       "
"          ██ █████    █████ █████ █████       ██    ██    █████ █████    █████ █████ ██ █████       "
"                                                                                                    "
"                                          SINCE 1983-06-21                                          "
"                                RELEASE DATE OF MARIO BROS. IN JAPAN                                "
"                                                                                                    "
"                                                                                                    "
"                                                                                                    "
