---
source: src/widgets/pomodoro_test.rs
expression: t.backend()
---
"                                                                      "
"                                                                      "
"                                                                      "
"                                                                      "
"                                                                      "
"                      █████ █████    █████ █████                      "
"                         ██ ██    ██ ██ ██ ██ ██                      "
"                      █████ █████    ██ ██ ██ ██                      "
"                      ██       ██ ██ ██ ██ ██ ██                      "
"                      █████ █████    █████ █████                      "
"                                                                      "
"                           POMODORO WORK []                           "
"                               ROUND 1                                "
"                                                                      "
"                                                                      "
"                                                                      "
