---
source: src/widgets/footer_test.rs
expression: t.backend()
---
" m show menu ───────────────────────────────────────────────────────────────────────────────────────────────────────────"
"                                                                                                                        "
"                                                                                                                        "
"                                                                                                                        "
"                                                                                                                        "
"                                                                                                                        "
