---
source: src/widgets/footer_test.rs
expression: t.backend()
---
" m hide menu ───────────────────────────────────────────────────────────────────────────────────────────────────────────"
" screens      1 countdown   2 timer   3 pomodoro   4 event   5 local time   ← or → switch screens                       "
" appearance   , change style   . toggle deciseconds   : toggle local time                                               "
" controls     s save changes   ^s save initial value   esc skip changes                                                 "
"              ← or → move selection   ↑ edit up   ^↑ edit up fast   ↓ edit down   ^↓ edit down fast                     "
"                                                                                                                        "
