---
source: src/widgets/pomodoro_test.rs
expression: t.backend()
---
"                                                                      "
"                                                                      "
"                                                                      "
"                                                                      "
"                                                                      "
"                              █████ █████                             "
"                                 ██ ██ ██                             "
"                              █████ ██ ██                             "
"                              ██    ██ ██                             "
"                              █████ █████                             "
"                                                                      "
"                            TABATA WORK []                            "
"                             ROUND 1 OF 8                             "
"                                                                      "
"                                                                      "
"                                                                      "
