---
source: src/widgets/pomodoro_test.rs
expression: t.backend()
---
"                                                                      "
"                                                                      "
"                                                                      "
"                                                                      "
"                                                                      "
"                                 ██ █████                             "
"                                 ██    ██                             "
"                                 ██ █████                             "
"                                 ██ ██                                "
"                                 ██ █████                             "
"                              ───────────                             "
"                     POMODORO WORK [EDIT SECONDS]                     "
"                               ROUND 1                                "
"                                                                      "
"                                                                      "
"                                                                      "
