---
source: src/widgets/clock_widget_test.rs
expression: t.backend()
---
"                               ██ █████ Y     ██ D     ██ ██ ██    █████ █████    █████ █████                           "
"                               ██ ██ ██       ██       ██ ██ ██ ██    ██ ██ ██ ██ ██ ██ ██                              "
"                               ██ ██ ██       ██       ██ █████    █████ ██ ██    ██ ██ █████                           "
"                               ██ ██ ██       ██       ██    ██ ██    ██ ██ ██ ██ ██ ██    ██                           "
"                               ██ █████       ██       ██    ██    █████ █████    █████ █████                           "
"                                                                                                                        "
