---
source: src/widgets/local_time_test.rs
expression: t.backend()
---
"                                                                      "
"                                                                      "
"                                                                      "
"                                                                      "
"                                                                      "
"                  ██ ██ ██    █████ █████    █████ █████              "
"                  ██ ██ ██ ██    ██ ██ ██ ██ ██ ██ ██ ██              "
"                  ██ █████    █████ ██ ██    ██ ██ ██ ██              "
"                  ██    ██ ██    ██ ██ ██ ██ ██ ██ ██ ██              "
"                  ██    ██    █████ █████    █████ █████              "
"                                                                      "
"                              LOCAL TIME                              "
"                              2024-06-10                              "
"                                                                      "
"                                                                      "
"                                                                      "
