---
source: src/widgets/pomodoro_test.rs
expression: t.backend()
---
"                                                                      "
"                                                                      "
"                                                                      "
"                                                                      "
"                                                                      "
"                                 ██ █████                             "
"                                 ██ ██ ██                             "
"                                 ██ ██ ██                             "
"                                 ██ ██ ██                             "
"                                 ██ █████                             "
"                                                                      "
"                            TABATA PAUSE []                           "
"                             ROUND 1 OF 8                             "
"                                                                      "
"                                                                      "
"                                                                      "
