---
source: src/widgets/countdown_test.rs
expression: t.backend()
---
"                                                                      "
"                                                                      "
"                                                                      "
"                                                                      "
"                                                                      "
"                      █████ █████    █████ █████                      "
"                         ██ ██ ██ ██ ██ ██ ██ ██                      "
"                      █████ ██ ██    ██ ██ ██ ██                      "
"                         ██ ██ ██ ██ ██ ██ ██ ██                      "
"                      █████ █████    █████ █████                      "
"                                                                      "
"                             COUNTDOWN []                             "
"                            FINISH 2:30 PM                            "
"                                                                      "
"                                                                      "
"                                                                      "
