---
source: src/widgets/countdown_test.rs
expression: t.backend()
---
"                                                                      "
"                                                                      "
"                                                                      "
"                                                                      "
"                                                                      "
"                      █████ █████    █████ █████                      "
"                         ██ ██ ██ ██ ██ ██ ██ ██                      "
"                      █████ ██ ██    ██ ██ ██ ██                      "
"                         ██ ██ ██ ██ ██ ██ ██ ██                      "
"                      █████ █████    █████ █████                      "
"                      ───────────                                     "
"                       COUNTDOWN [EDIT MINUTES]                       "
"                                                                      "
"                                                                      "
"                                                                      "
"                                                                      "
