---
source: src/widgets/timer_test.rs
expression: t.backend()
---
"                                                                      "
"                                                                      "
"                                                                      "
"                                                                      "
"                                                                      "
"                         █████    █████ █████                         "
"                         ██    ██ ██ ██ ██ ██                         "
"                         █████    ██ ██ ██ ██                         "
"                            ██ ██ ██ ██ ██ ██                         "
"                         █████    █████ █████                         "
"                                                                      "
"                               TIMER >                                "
"                                                                      "
"                                                                      "
"                                                                      "
"                                                                      "
