---
source: src/widgets/local_time_test.rs
expression: t.backend()
---
"                                                                      "
"                                                                      "
"                                                                      "
"                                                                      "
"                                                                      "
"                         █████    █████ █████ AM                      "
"                         ██ ██ ██    ██ ██ ██                         "
"                         █████    █████ ██ ██                         "
"                            ██ ██    ██ ██ ██                         "
"                         █████    █████ █████                         "
"                                                                      "
"                              LOCAL TIME                              "
"                              2024-06-10                              "
"                                                                      "
"                                                                      "
"                                                                      "
