---
source: src/widgets/pomodoro_test.rs
expression: t.backend()
---
"                                                                      "
"                                                                      "
"                                                                      "
"                                                                      "
"                                                                      "
"                                 █████                                "
"                                 ██ ██                                "
"                                 ██ ██                                "
"                                 ██ ██                                "
"                                 █████                                "
"                                                                      "
"                          POMODORO WORK DONE                          "
"                               ROUND 1                                "
"                                                                      "
"                                                                      "
"                                                                      "
