---
source: src/widgets/countdown_test.rs
expression: t.backend()
---
"                                                                      "
"                                                                      "
"                                                                      "
"                                                                      "
"                                                                      "
"                      █████ █████    █████ █████                      "
"                         ██ ██ ██ ██ ██ ██ ██ ██                      "
"                      █████ ██ ██    ██ ██ ██ ██                      "
"                         ██ ██ ██ ██ ██ ██ ██ ██                      "
"                      █████ █████    █████ █████                      "
"                                                                      "
"                             COUNTDOWN []                             "
"                             FINISH 14:30                             "
"                                                                      "
"                                                                      "
"                                                                      "
