---
source: src/widgets/test_utils.rs
expression: t.backend()
---
" m hide menu ───────────────────────────────────────────────────────────────────────────────────────────────────────────"
" screens      1 countdown   2 timer   3 pomodoro   4 event   5 local time   h or l switch screens                       "
" appearance   , change style   . toggle deciseconds   : toggle local time                                               "
" controls     space start   e edit   ^e edit by local time   r reset clock                                              "
"                                                                                                                        "
"                                                                                                                        "
