---
source: src/widgets/test_utils.rs
expression: t.backend()
---
" m show menu ───────────────────────────────────────────────────────────────────────────────────────────────────────────"
"                                                                                                                        "
"                                                                                                                        "
"                                                                                                                        "
"                                                                                                                        "
"                                                                                                                        "
